IQ-TREE version 3.1.4 for Linux x86 64-bit built Sep 29 2026
Developed by Bui Quang Minh, Thomas Wong, Nhan Ly-Trong, Huaiyan Ren
Contributed by Lam-Tung Nguyen, Dominik Schrempf, Chris Bielow,
Olga Chernomor, Michael Woodhams, Diep Thi Hoang, Heiko Schmidt

Host:    wd (AVX2, FMA3, 3 GB RAM)
Command: iqtree -s pilot_output/alignments/ADK_aligned.fasta -m MFP -bb 1000 -nt 2 -mem 3000M -pre pilot_output/trees/ADK
Seed:    232218 (Using SPRNG - Scalable Parallel Random Number Generator)
Time:    Sat Oct 10 10:40:01 2026
Kernel:  AVX+FMA - 2 threads (4 CPU cores detected)

Reading alignment file pilot_output/alignments/ADK_aligned.fasta ... Fasta format detected
Reading fasta file: done in 0.0045259 secs using 20.5% CPU
Alignment most likely contains protein sequences
Constructing alignment: done in 0.000426054 secs using 138.2% CPU
Alignment has 196 sequences with 224 columns, 189 distinct patterns
163 parsimony-informative, 4 singleton sites, 57 constant sites
                 Gap/Ambiguity  Composition  p-value
Analyzing sequences: done in 4.60148e-05 secs using 219.5% CPU
   1  GCF_000009425.1    4.02%    passed     99.99%
   2  GCF_000010145.1    3.57%    passed     92.83%
   3  GCF_000011045.1    2.68%    passed     91.84%
   4  GCF_000014385.1   16.07%    passed     76.92%
   5  GCF_000014425.1    3.12%    passed     95.35%
   6  GCF_000014445.1   16.52%    passed     79.98%
   7  GCF_000014505.1    2.23%    passed     99.81%
   8  GCF_000014545.1    4.02%    passed     99.99%
   9  GCF_000015385.1    2.68%    passed     97.95%
  10  GCF_000016825.1    3.12%    passed     99.40%
  11  GCF_000023085.1    3.57%    passed     89.00%
  12  GCF_000025045.1    4.02%    passed     99.99%
  13  GCF_000026405.1   16.52%    passed     37.59%
  14  GCF_000092505.1   16.52%    passed     70.24%
  15  GCF_000148815.2    3.57%    passed     89.00%
  16  GCF_000155515.2    2.68%    passed     89.24%
  17  GCF_000160835.1    2.68%    passed     99.87%
  18  GCF_000203855.3    3.57%    passed     89.00%
  19  GCF_000237995.1    2.23%    passed     98.26%
  20  GCF_000241055.1   16.07%    passed     70.02%
  21  GCF_000269925.1    4.02%    passed     99.99%
  22  GCF_000269945.1    4.02%    passed     99.99%
  23  GCF_000298875.1   16.52%    passed     70.79%
  24  GCF_000468955.1    4.02%    passed     99.99%
  25  GCF_000691805.2   16.52%    passed     31.23%
  26  GCF_001434365.1    2.68%    passed     95.47%
  27  GCF_001434705.1    3.12%    passed     88.07%
  28  GCF_001435245.1    3.12%    passed     99.78%
  29  GCF_001436135.1    3.12%    passed     81.30%
  30  GCF_001436905.1    2.23%    passed     98.26%
  31  GCF_001437055.1    2.23%    passed     95.72%
  32  GCF_001437425.1   16.07%    passed     89.17%
  33  GCF_001438705.1   15.62%    passed     48.27%
  34  GCF_001536305.1   16.52%    passed     76.55%
  35  GCF_001618285.1   16.07%    passed     69.86%
  36  GCF_001702215.1    5.80%    passed     98.14%
  37  GCF_001702235.1    5.80%    passed     98.14%
  38  GCF_001752505.1   16.07%    passed     70.02%
  39  GCF_001752515.1   16.07%    passed     70.02%
  40  GCF_001752545.1   16.07%    passed     70.02%
  41  GCF_001761545.1   15.62%    passed     81.75%
  42  GCF_001767275.1    2.23%    passed     99.61%
  43  GCF_001888925.1    3.12%    passed     99.96%
  44  GCF_001891125.1   16.52%    passed     81.55%
  45  GCF_001932615.1   15.62%    passed     83.40%
  46  GCF_001998805.1   16.52%    passed     48.14%
  47  GCF_002174215.1    2.23%    passed     99.11%
  48  GCF_002950695.1   15.62%    passed     65.20%
  49  GCF_002970915.1    3.57%    passed     98.64%
  50  GCF_002970935.1    3.57%    passed     97.47%
  51  GCF_003150935.1    3.57%    passed     81.00%
  52  GCF_003151025.1    2.68%    passed     80.68%
  53  GCF_003173695.1    2.68%    passed     88.01%
  54  GCF_003176835.1    4.02%    passed     99.99%
  55  GCF_003264795.1   16.07%    passed     76.92%
  56  GCF_003584685.1    3.12%    passed     95.59%
  57  GCF_003641185.1    3.57%    passed     88.99%
  58  GCF_003722275.1    4.02%    passed     99.99%
  59  GCF_003999355.1    2.68%    passed     99.53%
  60  GCF_004354645.1   16.52%    passed     86.02%
  61  GCF_004377635.1   16.07%    passed     90.26%
  62  GCF_005405405.1    3.57%    passed     68.72%
  63  GCF_005405465.1   15.62%    passed     86.76%
  64  GCF_007954605.1   16.52%    passed     40.64%
  65  GCF_007954785.1   16.52%    passed     37.59%
  66  GCF_008107645.1   16.96%    passed     90.97%
  67  GCF_008831485.1    2.68%    passed     67.12%
  68  GCF_009184845.1    2.68%    passed     95.07%
  69  GCF_009856565.1    2.68%    passed     95.58%
  70  GCF_009913655.1    3.57%    passed     89.00%
  71  GCF_009913995.1    2.23%    passed     99.81%
  72  GCF_009914015.1    2.23%    passed     99.81%
  73  GCF_009914035.1    2.23%    passed     99.81%
  74  GCF_010092385.1    2.23%    passed     99.61%
  75  GCF_011058775.1    3.57%    passed     94.47%
  76  GCF_011304355.1   15.62%    passed     66.82%
  77  GCF_013113695.1   16.07%    passed     76.92%
  78  GCF_013407595.1    2.68%    passed     95.71%
  79  GCF_014131735.1    3.57%    passed     92.56%
  80  GCF_014145545.1    3.12%    passed     99.92%
  81  GCF_014145555.1    2.23%    passed     99.78%
  82  GCF_014145615.1    3.12%    passed     99.57%
  83  GCF_014397255.1   15.62%    passed     25.33%
  84  GCF_014656585.1    2.68%    passed     92.55%
  85  GCF_014789145.1   16.52%    passed     95.53%
  86  GCF_016127255.1   16.07%    passed     31.43%
  87  GCF_016127815.1    2.23%    passed     99.61%
  88  GCF_016647595.1    2.68%    passed     94.38%
  89  GCF_016919665.1    4.02%    passed     99.99%
  90  GCF_017068355.1    4.02%    passed     99.99%
  91  GCF_017894345.1    3.12%    passed     96.32%
  92  GCF_018394055.1   16.07%    passed     94.34%
  93  GCF_018502505.1   16.07%    passed     91.85%
  94  GCF_019448175.1    2.23%    passed     99.61%
  95  GCF_019469265.1    2.68%    passed     67.02%
  96  GCF_019576155.1   15.62%    passed     62.10%
  97  GCF_019797825.1    3.57%    passed     96.71%
  98  GCF_020510245.1   16.07%    passed     76.92%
  99  GCF_020784695.1    2.23%    passed     99.85%
 100  GCF_020844005.1    2.68%    passed     95.58%
 101  GCF_021378055.1    2.23%    passed     99.81%
 102  GCF_023169905.1    4.02%    passed     99.99%
 103  GCF_023499275.1    4.02%    passed     99.99%
 104  GCF_023920145.1   16.07%    passed     90.26%
 105  GCF_024334065.1    2.68%    passed     96.78%
 106  GCF_024397795.1    2.68%    passed     95.76%
 107  GCF_024718545.1   15.62%    passed     86.02%
 108  GCF_025311495.1    2.68%    passed     99.92%
 109  GCF_025490915.1    2.68%    passed     97.63%
 110  GCF_025739325.1    2.68%    passed     97.53%
 111  GCF_025948295.1    2.68%    passed     97.53%
 112  GCF_026222675.1    3.57%    passed     88.99%
 113  GCF_028607025.1    3.57%    passed     99.48%
 114  GCF_028621815.1    2.23%    passed     99.11%
 115  GCF_028736235.1    3.12%    passed     99.97%
 116  GCF_029025825.1    3.57%    passed     91.77%
 117  GCF_029726355.1    2.68%    passed     84.11%
 118  GCF_029854335.1    3.57%    passed     89.00%
 119  GCF_029866985.1    2.68%    passed     97.53%
 120  GCF_030480545.1    3.12%    passed     97.18%
 121  GCF_030770265.1    2.68%    passed     84.11%
 122  GCF_030770295.1    2.68%    passed     90.56%
 123  GCF_030770335.1    2.68%    passed     84.11%
 124  GCF_032762665.1   16.07%    passed     90.26%
 125  GCF_033142085.1   16.07%    passed     79.13%
 126  GCF_033570435.1    3.12%    passed     99.65%
 127  GCF_034703025.1    2.23%    passed     99.61%
 128  GCF_035985965.1    4.02%    passed     99.97%
 129  GCF_036246165.1    3.57%    passed     93.97%
 130  GCF_036246185.1    3.57%    passed     93.97%
 131  GCF_036246225.1    2.68%    passed     99.00%
 132  GCF_036327715.1   15.62%    passed     83.17%
 133  GCF_037290055.1    3.57%    passed     91.00%
 134  GCF_037891785.1    4.02%    passed     99.99%
 135  GCF_037892375.1    4.02%    passed     99.96%
 136  GCF_038049945.1    2.68%    passed     97.53%
 137  GCF_039645515.1    4.02%    passed     99.99%
 138  GCF_039645575.1    4.02%    passed     99.92%
 139  GCF_039783225.1    2.68%    passed     97.53%
 140  GCF_039783785.1    2.68%    passed     97.53%
 141  GCF_039955095.1    3.57%    passed     99.68%
 142  GCF_041225485.1    4.02%    passed     99.98%
 143  GCF_041225605.1    4.02%    passed     99.98%
 144  GCF_041281755.1   15.62%    passed     57.27%
 145  GCF_041509385.1    2.68%    passed     95.58%
 146  GCF_041514285.1    2.68%    passed     95.58%
 147  GCF_041514295.1    2.68%    passed     95.58%
 148  GCF_041893975.1    2.68%    passed     95.58%
 149  GCF_042847315.1    2.68%    passed     99.68%
 150  GCF_042997415.1    3.12%    passed     98.96%
 151  GCF_045760565.1    4.02%    passed     99.98%
 152  GCF_045801155.1   16.52%    passed     22.67%
 153  GCF_045862825.1    3.57%    passed     94.35%
 154  GCF_046109915.1    2.68%    passed     97.95%
 155  GCF_047344935.1   16.52%    passed     79.98%
 156  GCF_050407965.1    3.57%    passed     92.68%
 157  GCF_050847345.1    3.57%    passed     91.73%
 158  GCF_051098045.1    3.57%    passed     92.33%
 159  GCF_052569745.1    2.68%    passed     95.58%
 160  GCF_052570115.1    2.68%    passed     95.58%
 161  GCF_052571685.1    2.68%    passed     95.58%
 162  GCF_054073565.1   15.62%    passed     65.90%
 163  GCF_054331775.1    3.57%    passed     83.37%
 164  GCF_054452875.2    2.68%    passed     80.85%
 165  GCF_054784775.1    2.68%    passed     99.81%
 166  GCF_054785075.1    2.68%    passed     95.87%
 167  GCF_055180435.1    4.02%    passed     99.99%
 168  GCF_055502585.1    2.68%    passed     99.24%
 169  GCF_055755075.1    2.23%    passed     99.81%
 170  GCF_056269605.1    2.68%    passed     95.58%
 171  GCF_056676095.1    3.57%    passed     99.89%
 172  GCF_057786735.1    2.68%    passed     96.78%
 173  GCF_058111805.1   16.52%    passed     81.55%
 174  GCF_059089415.1    2.23%    passed     99.61%
 175  GCF_060305805.1    4.02%    passed     99.99%
 176  GCF_060307215.1    4.02%    passed     99.99%
 177  GCF_900016205.1   16.52%    passed     76.55%
 178  GCF_900094835.1   15.62%    passed     70.27%
 179  GCF_900240275.1    3.57%    passed     98.33%
 180  GCF_900519455.1   16.07%    passed     79.13%
 181  GCF_900519475.1   16.07%    passed     80.07%
 182  GCF_900636965.1    2.68%    passed     91.84%
 183  GCF_903885985.1    2.68%    passed     95.58%
 184  GCF_903886345.1    2.68%    passed     95.58%
 185  GCF_903886475.1    2.68%    passed     97.53%
 186  GCF_903891025.1    2.68%    passed     95.58%
 187  GCF_903891205.1    2.68%    passed     97.53%
 188  GCF_947539375.1    3.12%    passed     94.84%
 189  GCF_963243495.1    3.57%    passed     92.79%
 190  GCF_963281025.1    3.57%    passed     99.48%
 191  GCF_964063315.1   16.52%    passed     53.47%
 192  GCF_965136965.1    3.57%    passed     68.72%
 193  GCF_965286035.1   16.07%    passed     31.43%
 194  GCF_965286295.1    3.57%    passed     91.73%
 195  GCF_965286585.1    3.57%    passed     92.83%
 196  GCF_982267005.1   16.52%    passed     40.64%
****  TOTAL              6.58%  0 sequences failed composition chi2 test (p-value<5%; df=19)
NOTE: GCF_000014545.1 is identical to GCF_000009425.1 but kept for subsequent analysis
NOTE: GCF_965286585.1 is identical to GCF_000010145.1 but kept for subsequent analysis
NOTE: GCF_900636965.1 is identical to GCF_000011045.1 but kept for subsequent analysis
NOTE: GCF_003264795.1 is identical to GCF_000014385.1 but kept for subsequent analysis
NOTE: GCF_047344935.1 is identical to GCF_000014445.1 but kept for subsequent analysis
NOTE: GCF_009913995.1 is identical to GCF_000014505.1 but kept for subsequent analysis
NOTE: GCF_046109915.1 is identical to GCF_000015385.1 but kept for subsequent analysis
NOTE: GCF_000148815.2 is identical to GCF_000023085.1 but kept for subsequent analysis
NOTE: GCF_003176835.1 is identical to GCF_000025045.1 but kept for subsequent analysis
NOTE: GCF_007954785.1 is identical to GCF_000026405.1 but kept for subsequent analysis
NOTE: GCF_001436905.1 is identical to GCF_000237995.1 but kept for subsequent analysis
NOTE: GCF_001752505.1 is identical to GCF_000241055.1 but kept for subsequent analysis
NOTE: GCF_000269945.1 is identical to GCF_000269925.1 but kept for subsequent analysis
NOTE: GCF_900016205.1 is identical to GCF_001536305.1 but kept for subsequent analysis
NOTE: GCF_001702235.1 is identical to GCF_001702215.1 but kept for subsequent analysis
NOTE: GCF_010092385.1 is identical to GCF_001767275.1 but kept for subsequent analysis
NOTE: GCF_058111805.1 is identical to GCF_001891125.1 but kept for subsequent analysis
NOTE: GCF_028621815.1 is identical to GCF_002174215.1 but kept for subsequent analysis
NOTE: GCF_026222675.1 is identical to GCF_003641185.1 but kept for subsequent analysis
NOTE: GCF_023920145.1 is identical to GCF_004377635.1 but kept for subsequent analysis
NOTE: GCF_965136965.1 is identical to GCF_005405405.1 but kept for subsequent analysis
NOTE: GCF_982267005.1 is identical to GCF_007954605.1 but kept for subsequent analysis
NOTE: GCF_020844005.1 is identical to GCF_009856565.1 but kept for subsequent analysis
NOTE: GCF_965286035.1 is identical to GCF_016127255.1 but kept for subsequent analysis
NOTE: GCF_057786735.1 is identical to GCF_024334065.1 but kept for subsequent analysis
NOTE: GCF_025948295.1 is identical to GCF_025739325.1 but kept for subsequent analysis
NOTE: GCF_963281025.1 is identical to GCF_028607025.1 but kept for subsequent analysis
NOTE: GCF_030770265.1 is identical to GCF_029726355.1 but kept for subsequent analysis
NOTE: GCF_900519455.1 is identical to GCF_033142085.1 but kept for subsequent analysis
NOTE: GCF_036246185.1 is identical to GCF_036246165.1 but kept for subsequent analysis
NOTE: GCF_045760565.1 is identical to GCF_041225605.1 but kept for subsequent analysis
NOTE: GCF_965286295.1 is identical to GCF_050847345.1 but kept for subsequent analysis
Checking for duplicate sequences: done in 0.0481601 secs using 106% CPU
Identifying sites to remove: done in 0.000227928 secs using 204% CPU
NOTE: 43 identical sequences (see below) will be ignored for subsequent analysis
NOTE: GCF_000468955.1 (identical to GCF_000009425.1) is ignored but added at the end
NOTE: GCF_023169905.1 (identical to GCF_000009425.1) is ignored but added at the end
NOTE: GCF_055180435.1 (identical to GCF_000009425.1) is ignored but added at the end
NOTE: GCF_013113695.1 (identical to GCF_000014385.1) is ignored but added at the end
NOTE: GCF_020510245.1 (identical to GCF_000014385.1) is ignored but added at the end
NOTE: GCF_009914015.1 (identical to GCF_000014505.1) is ignored but added at the end
NOTE: GCF_009914035.1 (identical to GCF_000014505.1) is ignored but added at the end
NOTE: GCF_021378055.1 (identical to GCF_000014505.1) is ignored but added at the end
NOTE: GCF_055755075.1 (identical to GCF_000014505.1) is ignored but added at the end
NOTE: GCF_000203855.3 (identical to GCF_000023085.1) is ignored but added at the end
NOTE: GCF_009913655.1 (identical to GCF_000023085.1) is ignored but added at the end
NOTE: GCF_029854335.1 (identical to GCF_000023085.1) is ignored but added at the end
NOTE: GCF_003722275.1 (identical to GCF_000025045.1) is ignored but added at the end
NOTE: GCF_060305805.1 (identical to GCF_000025045.1) is ignored but added at the end
NOTE: GCF_060307215.1 (identical to GCF_000025045.1) is ignored but added at the end
NOTE: GCF_001752515.1 (identical to GCF_000241055.1) is ignored but added at the end
NOTE: GCF_001752545.1 (identical to GCF_000241055.1) is ignored but added at the end
NOTE: GCF_023499275.1 (identical to GCF_000269925.1) is ignored but added at the end
NOTE: GCF_037891785.1 (identical to GCF_000269925.1) is ignored but added at the end
NOTE: GCF_039645515.1 (identical to GCF_000269925.1) is ignored but added at the end
NOTE: GCF_016127815.1 (identical to GCF_001767275.1) is ignored but added at the end
NOTE: GCF_019448175.1 (identical to GCF_001767275.1) is ignored but added at the end
NOTE: GCF_034703025.1 (identical to GCF_001767275.1) is ignored but added at the end
NOTE: GCF_059089415.1 (identical to GCF_001767275.1) is ignored but added at the end
NOTE: GCF_032762665.1 (identical to GCF_004377635.1) is ignored but added at the end
NOTE: GCF_041509385.1 (identical to GCF_009856565.1) is ignored but added at the end
NOTE: GCF_041514285.1 (identical to GCF_009856565.1) is ignored but added at the end
NOTE: GCF_041514295.1 (identical to GCF_009856565.1) is ignored but added at the end
NOTE: GCF_041893975.1 (identical to GCF_009856565.1) is ignored but added at the end
NOTE: GCF_052569745.1 (identical to GCF_009856565.1) is ignored but added at the end
NOTE: GCF_052570115.1 (identical to GCF_009856565.1) is ignored but added at the end
NOTE: GCF_052571685.1 (identical to GCF_009856565.1) is ignored but added at the end
NOTE: GCF_056269605.1 (identical to GCF_009856565.1) is ignored but added at the end
NOTE: GCF_903885985.1 (identical to GCF_009856565.1) is ignored but added at the end
NOTE: GCF_903886345.1 (identical to GCF_009856565.1) is ignored but added at the end
NOTE: GCF_903891025.1 (identical to GCF_009856565.1) is ignored but added at the end
NOTE: GCF_029866985.1 (identical to GCF_025739325.1) is ignored but added at the end
NOTE: GCF_038049945.1 (identical to GCF_025739325.1) is ignored but added at the end
NOTE: GCF_039783225.1 (identical to GCF_025739325.1) is ignored but added at the end
NOTE: GCF_039783785.1 (identical to GCF_025739325.1) is ignored but added at the end
NOTE: GCF_903886475.1 (identical to GCF_025739325.1) is ignored but added at the end
NOTE: GCF_903891205.1 (identical to GCF_025739325.1) is ignored but added at the end
NOTE: GCF_030770335.1 (identical to GCF_029726355.1) is ignored but added at the end
Alignment was printed to pilot_output/trees/ADK.uniqueseq.phy

For your convenience alignment with unique sequences printed to pilot_output/trees/ADK.uniqueseq.phy


Create initial parsimony tree by phylogenetic likelihood library (PLL)... 0.037 seconds
Perform fast likelihood tree search using LG+I+G model...
Estimate model parameters (epsilon = 5.000)
Perform nearest neighbor interchange...
Estimate model parameters (epsilon = 1.000)
1. Initial log-likelihood: -9177.605
Optimal log-likelihood: -9177.342
Proportion of invariable sites: 0.178
Gamma shape alpha: 0.864
Parameters optimization took 1 rounds (0.305 sec)
Time for fast ML tree search: 1.981 seconds

NOTE: ModelFinder requires 50 MB RAM!
ModelFinder will test up to 1232 protein models (sample size: 224 epsilon: 0.100) ...
Akaike Information Criterion:           WAG+F+I+G4
Corrected Akaike Information Criterion: LG+G4
Bayesian Information Criterion:         WAG+I+G4
Best-fit model: WAG+I+G4 chosen according to BIC

All model information printed to pilot_output/trees/ADK.model.gz
CPU time for ModelFinder: 216.112 seconds (0h:3m:36s)
Wall-clock time for ModelFinder: 108.493 seconds (0h:1m:48s)
WARNING: State(s) W rarely appear in alignment and may cause numerical problems
Generating 1000 samples for ultrafast bootstrap (seed: 232218)...

NOTE: 20 MB RAM (0 GB) is required!
Estimate model parameters (epsilon = 0.100)
Thoroughly optimizing +I+G parameters from 10 start values...
Init pinv, alpha: 0.000, 0.912 / Estimate: 0.000, 0.637 / LogL: -9163.512
Init pinv, alpha: 0.028, 0.912 / Estimate: 0.184, 0.962 / LogL: -9149.017
Init pinv, alpha: 0.057, 0.912 / Estimate: 0.183, 0.960 / LogL: -9149.022
Init pinv, alpha: 0.085, 0.912 / Estimate: 0.184, 0.961 / LogL: -9149.020
Init pinv, alpha: 0.113, 0.912 / Estimate: 0.184, 0.962 / LogL: -9149.018
Init pinv, alpha: 0.141, 0.912 / Estimate: 0.184, 0.964 / LogL: -9149.014
Init pinv, alpha: 0.170, 0.912 / Estimate: 0.186, 0.970 / LogL: -9149.007
Init pinv, alpha: 0.198, 0.912 / Estimate: 0.190, 0.980 / LogL: -9149.004
Init pinv, alpha: 0.226, 0.912 / Estimate: 0.192, 0.985 / LogL: -9149.012
Init pinv, alpha: 0.254, 0.912 / Estimate: 0.193, 0.988 / LogL: -9149.018
Optimal pinv,alpha: 0.190, 0.980 / LogL: -9149.004

Parameters optimization took 13.435 sec
Wrote distance file to... 
Computing ML distances based on estimated model parameters...
Calculating distance matrix: done in 0.895295 secs using 200% CPU
Computing ML distances took 0.900974 sec (of wall-clock time) 1.797003 sec (of CPU time)
Setting up auxiliary I and S matrices: done in 0.000386953 secs using 263.1% CPU
Constructing RapidNJ tree: done in 0.00206017 secs using 105.5% CPU
Computing RapidNJ tree took 0.006951 sec (of wall-clock time) 0.010009 sec (of CPU time)
Log-likelihood of RapidNJ tree: -9237.637
--------------------------------------------------------------------
|             INITIALIZING CANDIDATE TREE SET                      |
--------------------------------------------------------------------
Generating 98 parsimony trees... 2.133 second
Computing log-likelihood of 98 initial trees ... 6.087 seconds
Current best score: -9149.004

Do NNI search on 20 best initial trees
Estimate model parameters (epsilon = 0.100)
BETTER TREE FOUND at iteration 1: -9148.430
Estimate model parameters (epsilon = 0.100)
BETTER TREE FOUND at iteration 2: -9146.781
Estimate model parameters (epsilon = 0.100)
BETTER TREE FOUND at iteration 3: -9145.418
Iteration 10 / LogL: -9149.787 / Time: 0h:2m:27s
Estimate model parameters (epsilon = 0.100)
BETTER TREE FOUND at iteration 17: -9141.067
Iteration 20 / LogL: -9148.122 / Time: 0h:3m:0s
Finish initializing candidate tree set (18)
Current best tree score: -9141.067 / CPU time: 56.941
Number of iterations: 20
--------------------------------------------------------------------
|               OPTIMIZING CANDIDATE TREE SET                      |
--------------------------------------------------------------------
Estimate model parameters (epsilon = 0.100)
BETTER TREE FOUND at iteration 22: -9140.688
Iteration 30 / LogL: -9148.397 / Time: 0h:3m:24s (0h:5m:5s left)
Iteration 40 / LogL: -9159.458 / Time: 0h:3m:46s (0h:4m:7s left)
Estimate model parameters (epsilon = 0.100)
BETTER TREE FOUND at iteration 50: -9140.356
Iteration 50 / LogL: -9140.356 / Time: 0h:4m:9s (0h:4m:47s left)
Log-likelihood cutoff on original alignment: -9179.200
Iteration 60 / LogL: -9148.598 / Time: 0h:4m:31s (0h:4m:8s left)
Iteration 70 / LogL: -9144.786 / Time: 0h:4m:56s (0h:3m:38s left)
Iteration 80 / LogL: -9331.356 / Time: 0h:5m:18s (0h:3m:5s left)
Iteration 90 / LogL: -9141.272 / Time: 0h:5m:38s (0h:2m:34s left)
Estimate model parameters (epsilon = 0.100)
BETTER TREE FOUND at iteration 99: -9140.339
Iteration 100 / LogL: -9141.201 / Time: 0h:6m:3s (0h:4m:14s left)
Log-likelihood cutoff on original alignment: -9178.516
NOTE: Bootstrap correlation coefficient of split occurrence frequencies: 0.998
Estimate model parameters (epsilon = 0.100)
BETTER TREE FOUND at iteration 105: -9139.518
Iteration 110 / LogL: -9144.279 / Time: 0h:6m:25s (0h:4m:1s left)
Iteration 120 / LogL: -9143.095 / Time: 0h:6m:50s (0h:3m:35s left)
Iteration 130 / LogL: -9202.285 / Time: 0h:7m:14s (0h:3m:9s left)
Iteration 140 / LogL: -9144.762 / Time: 0h:7m:38s (0h:2m:43s left)
Iteration 150 / LogL: -9140.080 / Time: 0h:8m:2s (0h:2m:17s left)
Log-likelihood cutoff on original alignment: -9178.516
Iteration 160 / LogL: -9192.487 / Time: 0h:8m:24s (0h:1m:52s left)
Iteration 170 / LogL: -9148.220 / Time: 0h:8m:47s (0h:1m:26s left)
Iteration 180 / LogL: -9140.371 / Time: 0h:9m:10s (0h:1m:1s left)
Estimate model parameters (epsilon = 0.100)
BETTER TREE FOUND at iteration 181: -9138.813
Iteration 190 / LogL: -9154.653 / Time: 0h:9m:31s (0h:3m:43s left)
Iteration 200 / LogL: -9146.052 / Time: 0h:9m:53s (0h:3m:17s left)
Log-likelihood cutoff on original alignment: -9178.516
NOTE: Bootstrap correlation coefficient of split occurrence frequencies: 0.992
Iteration 210 / LogL: -9144.723 / Time: 0h:10m:15s (0h:3m:38s left)
Iteration 220 / LogL: -9145.316 / Time: 0h:10m:35s (0h:3m:12s left)
Iteration 230 / LogL: -9154.494 / Time: 0h:10m:59s (0h:2m:48s left)
Iteration 240 / LogL: -9143.083 / Time: 0h:11m:26s (0h:2m:25s left)
Iteration 250 / LogL: -9140.246 / Time: 0h:11m:50s (0h:2m:0s left)
Log-likelihood cutoff on original alignment: -9178.516
Iteration 260 / LogL: -9145.796 / Time: 0h:12m:17s (0h:1m:37s left)
Iteration 270 / LogL: -9154.699 / Time: 0h:12m:40s (0h:1m:12s left)
Iteration 280 / LogL: -9139.193 / Time: 0h:13m:2s (0h:0m:48s left)
TREE SEARCH COMPLETED AFTER 282 ITERATIONS / Time: 0h:13m:6s

--------------------------------------------------------------------
|                    FINALIZING TREE SEARCH                        |
--------------------------------------------------------------------
Performs final model parameters optimization
Estimate model parameters (epsilon = 0.010)
1. Initial log-likelihood: -9138.813
Optimal log-likelihood: -9138.813
Proportion of invariable sites: 0.191
Gamma shape alpha: 0.985
Parameters optimization took 1 rounds (0.260 sec)
BEST SCORE FOUND : -9138.813
Creating bootstrap support values...
Split supports printed to NEXUS file pilot_output/trees/ADK.splits.nex
Total tree length: 10.341

Total number of iterations: 282
CPU time used for tree search: 1318.394 sec (0h:21m:58s)
Wall-clock time used for tree search: 662.776 sec (0h:11m:2s)
Total CPU time used: 1565.678 sec (0h:26m:5s)
Total wall-clock time used: 787.729 sec (0h:13m:7s)

Computing bootstrap consensus tree...
Reading input file pilot_output/trees/ADK.splits.nex...
153 taxa and 813 splits.
Consensus tree written to pilot_output/trees/ADK.contree
Reading input trees file pilot_output/trees/ADK.contree
Log-likelihood of consensus tree: -9139.983

Analysis results written to: 
  IQ-TREE report:                pilot_output/trees/ADK.iqtree
  Maximum-likelihood tree:       pilot_output/trees/ADK.treefile
  Likelihood distances:          pilot_output/trees/ADK.mldist

Ultrafast bootstrap approximation results written to:
  Split support values:          pilot_output/trees/ADK.splits.nex
  Consensus tree:                pilot_output/trees/ADK.contree
  Screen log file:               pilot_output/trees/ADK.log

Date and Time: Sat Oct 10 10:53:10 2026
