IQ-TREE version 3.1.4 for Linux x86 64-bit built Sep 29 2026
Developed by Bui Quang Minh, Thomas Wong, Nhan Ly-Trong, Huaiyan Ren
Contributed by Lam-Tung Nguyen, Dominik Schrempf, Chris Bielow,
Olga Chernomor, Michael Woodhams, Diep Thi Hoang, Heiko Schmidt

Host:    wd (AVX2, FMA3, 3 GB RAM)
Command: iqtree -s pilot_output/alignments/ATP-synt_B_aligned.fasta -m MFP -bb 1000 -nt 2 -mem 3000M -pre pilot_output/trees/ATP-synt_B
Seed:    291172 (Using SPRNG - Scalable Parallel Random Number Generator)
Time:    Sat Oct 10 11:24:47 2026
Kernel:  AVX+FMA - 2 threads (4 CPU cores detected)

Reading alignment file pilot_output/alignments/ATP-synt_B_aligned.fasta ... Fasta format detected
Reading fasta file: done in 0.00728488 secs using 4.75% CPU
Alignment most likely contains protein sequences
Constructing alignment: done in 0.00036788 secs using 66.05% CPU
Alignment has 196 sequences with 184 columns, 175 distinct patterns
162 parsimony-informative, 3 singleton sites, 19 constant sites
                 Gap/Ambiguity  Composition  p-value
Analyzing sequences: done in 4.60148e-05 secs using 199.9% CPU
   1  GCF_000009425.1    8.70%    passed     97.35%
   2  GCF_000010145.1    8.70%    passed     81.02%
   3  GCF_000011045.1   11.96%    passed     97.85%
   4  GCF_000014385.1    4.35%    passed     72.33%
   5  GCF_000014425.1    9.78%    passed     98.52%
   6  GCF_000014445.1    9.24%    passed     98.53%
   7  GCF_000014505.1    5.98%    passed     83.02%
   8  GCF_000014545.1    8.70%    passed     97.35%
   9  GCF_000015385.1    8.15%    passed     24.68%
  10  GCF_000016825.1    6.52%    passed     99.71%
  11  GCF_000023085.1    7.07%    passed     87.02%
  12  GCF_000025045.1    8.70%    passed     97.35%
  13  GCF_000026405.1    8.15%    passed     97.72%
  14  GCF_000092505.1    8.15%    passed     95.46%
  15  GCF_000148815.2    7.07%    passed     87.02%
  16  GCF_000155515.2   11.96%    passed     85.96%
  17  GCF_000160835.1    6.52%    passed     99.39%
  18  GCF_000203855.3    7.07%    passed     87.02%
  19  GCF_000237995.1    6.52%    passed      7.66%
  20  GCF_000241055.1    4.35%    passed     98.08%
  21  GCF_000269925.1    8.70%    passed     36.00%
  22  GCF_000269945.1    8.70%    passed     36.00%
  23  GCF_000298875.1    8.15%    passed     92.13%
  24  GCF_000468955.1    8.70%    passed     97.35%
  25  GCF_000691805.2    7.07%    passed     99.64%
  26  GCF_001434365.1    8.15%    passed     98.90%
  27  GCF_001434705.1   11.96%    passed     98.73%
  28  GCF_001435245.1    8.15%    passed     96.54%
  29  GCF_001436135.1    8.70%    passed     70.73%
  30  GCF_001436905.1    6.52%    passed      7.66%
  31  GCF_001437055.1    8.15%    passed     92.43%
  32  GCF_001437425.1    7.07%    passed     86.85%
  33  GCF_001438705.1    7.07%    passed     96.55%
  34  GCF_001536305.1    8.15%    passed     95.19%
  35  GCF_001618285.1    4.35%    passed     79.08%
  36  GCF_001702215.1    6.52%    passed      7.66%
  37  GCF_001702235.1    6.52%    passed      7.66%
  38  GCF_001752505.1    4.35%    passed     98.08%
  39  GCF_001752515.1    4.35%    passed     98.08%
  40  GCF_001752545.1    4.35%    passed     98.08%
  41  GCF_001761545.1    5.98%    passed     75.72%
  42  GCF_001767275.1    5.98%    passed     98.18%
  43  GCF_001888925.1    8.70%    passed     99.62%
  44  GCF_001891125.1    9.24%    passed     97.59%
  45  GCF_001932615.1    7.07%    passed     70.63%
  46  GCF_001998805.1    8.15%    passed     93.72%
  47  GCF_002174215.1    5.98%    passed     98.18%
  48  GCF_002950695.1    7.07%    passed     99.73%
  49  GCF_002970915.1    7.07%    passed     96.20%
  50  GCF_002970935.1    7.07%    passed     94.29%
  51  GCF_003150935.1    7.61%    passed     98.99%
  52  GCF_003151025.1    7.61%    passed     99.51%
  53  GCF_003173695.1    7.61%    passed     69.73%
  54  GCF_003176835.1    8.70%    passed     97.35%
  55  GCF_003264795.1    4.35%    passed     79.08%
  56  GCF_003584685.1    9.78%    passed     99.11%
  57  GCF_003641185.1    7.07%    passed     83.29%
  58  GCF_003722275.1    8.70%    passed     97.35%
  59  GCF_003999355.1    8.70%    passed     98.70%
  60  GCF_004354645.1    8.70%    passed     77.38%
  61  GCF_004377635.1    4.35%    passed     79.08%
  62  GCF_005405405.1    7.07%    passed     98.55%
  63  GCF_005405465.1    7.07%    passed     75.92%
  64  GCF_007954605.1    8.15%    passed     93.72%
  65  GCF_007954785.1    8.15%    passed     97.72%
  66  GCF_008107645.1    9.24%    passed     96.21%
  67  GCF_008831485.1    8.15%    passed     95.37%
  68  GCF_009184845.1   11.41%    passed     95.05%
  69  GCF_009856565.1   10.33%    passed     92.80%
  70  GCF_009913655.1    7.07%    passed     87.02%
  71  GCF_009913995.1    5.98%    passed     83.02%
  72  GCF_009914015.1    5.98%    passed     83.02%
  73  GCF_009914035.1    5.98%    passed     83.02%
  74  GCF_010092385.1    5.98%    passed     98.18%
  75  GCF_011058775.1    9.78%    passed     99.89%
  76  GCF_011304355.1    7.07%    passed     23.89%
  77  GCF_013113695.1    4.35%    passed     79.08%
  78  GCF_013407595.1   11.96%    passed     91.90%
  79  GCF_014131735.1    7.07%    passed     87.02%
  80  GCF_014145545.1    6.52%    passed     99.83%
  81  GCF_014145555.1    6.52%    passed     99.78%
  82  GCF_014145615.1    6.52%    passed     99.71%
  83  GCF_014397255.1    7.07%    passed     98.13%
  84  GCF_014656585.1    8.15%    passed     18.45%
  85  GCF_014789145.1    7.07%    passed     91.63%
  86  GCF_016127255.1    9.24%    passed     84.55%
  87  GCF_016127815.1    5.98%    passed     98.18%
  88  GCF_016647595.1    8.15%    passed     27.03%
  89  GCF_016919665.1    8.70%    passed     73.38%
  90  GCF_017068355.1    8.70%    passed     76.60%
  91  GCF_017894345.1    9.78%    passed     99.87%
  92  GCF_018394055.1    3.80%    passed      8.35%
  93  GCF_018502505.1    4.35%    passed     13.90%
  94  GCF_019448175.1    5.98%    passed     98.18%
  95  GCF_019469265.1    7.61%    passed     96.30%
  96  GCF_019576155.1    7.07%    passed     90.97%
  97  GCF_019797825.1    6.52%    passed     96.17%
  98  GCF_020510245.1    4.35%    passed     79.08%
  99  GCF_020784695.1    6.52%    passed     99.71%
 100  GCF_020844005.1   10.33%    passed     92.80%
 101  GCF_021378055.1    5.98%    passed     83.02%
 102  GCF_023169905.1    8.70%    passed     97.35%
 103  GCF_023499275.1    8.70%    passed     36.00%
 104  GCF_023920145.1    4.35%    passed     79.08%
 105  GCF_024334065.1   10.33%    passed     92.80%
 106  GCF_024397795.1    8.15%    passed     98.67%
 107  GCF_024718545.1    7.07%    passed     64.62%
 108  GCF_025311495.1    6.52%    passed     99.60%
 109  GCF_025490915.1   11.96%    passed     98.51%
 110  GCF_025739325.1   10.33%    passed     92.80%
 111  GCF_025948295.1   10.33%    passed     92.80%
 112  GCF_026222675.1    7.07%    passed     83.29%
 113  GCF_028607025.1    6.52%    passed     90.96%
 114  GCF_028621815.1    5.98%    passed     98.18%
 115  GCF_028736235.1    9.78%    passed     18.51%
 116  GCF_029025825.1    7.07%    passed     81.84%
 117  GCF_029726355.1   11.96%    passed     99.23%
 118  GCF_029854335.1    7.07%    passed     76.89%
 119  GCF_029866985.1   10.33%    passed     92.80%
 120  GCF_030480545.1    8.70%    passed     74.78%
 121  GCF_030770265.1   11.96%    passed     98.04%
 122  GCF_030770295.1   11.96%    passed     98.04%
 123  GCF_030770335.1   11.96%    passed     98.04%
 124  GCF_032762665.1    4.35%    passed     79.08%
 125  GCF_033142085.1    4.35%    passed     79.08%
 126  GCF_033570435.1    6.52%    passed     99.71%
 127  GCF_034703025.1    5.98%    passed     98.18%
 128  GCF_035985965.1    8.70%    passed     97.35%
 129  GCF_036246165.1    6.52%    passed     94.80%
 130  GCF_036246185.1    6.52%    passed     94.80%
 131  GCF_036246225.1   11.41%    passed     94.21%
 132  GCF_036327715.1    7.07%    passed     86.91%
 133  GCF_037290055.1    7.07%    passed     87.02%
 134  GCF_037891785.1    8.70%    passed     36.00%
 135  GCF_037892375.1    8.70%    passed     44.77%
 136  GCF_038049945.1   10.33%    passed     92.80%
 137  GCF_039645515.1    8.70%    passed     36.00%
 138  GCF_039645575.1    8.70%    passed     44.77%
 139  GCF_039783225.1   10.33%    passed     92.80%
 140  GCF_039783785.1   10.33%    passed     92.80%
 141  GCF_039955095.1    7.07%    passed     97.37%
 142  GCF_041225485.1    8.70%    passed     58.48%
 143  GCF_041225605.1    8.70%    passed     56.17%
 144  GCF_041281755.1    7.07%    passed     94.02%
 145  GCF_041509385.1   10.33%    passed     92.80%
 146  GCF_041514285.1   10.33%    passed     92.80%
 147  GCF_041514295.1   10.33%    passed     92.80%
 148  GCF_041893975.1   10.33%    passed     92.80%
 149  GCF_042847315.1   11.41%    passed     52.19%
 150  GCF_042997415.1    8.15%    passed     99.86%
 151  GCF_045760565.1    8.70%    passed     56.17%
 152  GCF_045801155.1    9.24%    passed     81.97%
 153  GCF_045862825.1    6.52%    passed     97.09%
 154  GCF_046109915.1    8.15%    passed     28.77%
 155  GCF_047344935.1    9.24%    passed     98.53%
 156  GCF_050407965.1    7.07%    passed     96.68%
 157  GCF_050847345.1    7.07%    passed     83.29%
 158  GCF_051098045.1    7.07%    passed     83.76%
 159  GCF_052569745.1   10.33%    passed     92.80%
 160  GCF_052570115.1   10.33%    passed     92.80%
 161  GCF_052571685.1   10.33%    passed     92.80%
 162  GCF_054073565.1    7.07%    passed     93.70%
 163  GCF_054331775.1    8.15%    passed     97.44%
 164  GCF_054452875.2   11.41%    passed     70.15%
 165  GCF_054784775.1   11.41%    passed     99.80%
 166  GCF_054785075.1   11.96%    passed     98.51%
 167  GCF_055180435.1    8.70%    passed     97.35%
 168  GCF_055502585.1    8.15%    passed     25.78%
 169  GCF_055755075.1    5.98%    passed     83.02%
 170  GCF_056269605.1   10.33%    passed     92.80%
 171  GCF_056676095.1    7.07%    passed     97.37%
 172  GCF_057786735.1   10.33%    passed     92.80%
 173  GCF_058111805.1    9.24%    passed     97.59%
 174  GCF_059089415.1    5.98%    passed     98.18%
 175  GCF_060305805.1    8.70%    passed     97.35%
 176  GCF_060307215.1    8.70%    passed     97.35%
 177  GCF_900016205.1    8.15%    passed     95.19%
 178  GCF_900094835.1    7.07%    passed     68.71%
 179  GCF_900240275.1    8.15%    passed     94.44%
 180  GCF_900519455.1    4.35%    passed     79.08%
 181  GCF_900519475.1    4.35%    passed     79.08%
 182  GCF_900636965.1   11.96%    passed     98.19%
 183  GCF_903885985.1   10.33%    passed     92.80%
 184  GCF_903886345.1   10.33%    passed     92.80%
 185  GCF_903886475.1   10.33%    passed     92.80%
 186  GCF_903891025.1   10.33%    passed     92.80%
 187  GCF_903891205.1   10.33%    passed     92.80%
 188  GCF_947539375.1    9.78%    passed     99.44%
 189  GCF_963243495.1    6.52%    passed     94.80%
 190  GCF_963281025.1    6.52%    passed     85.65%
 191  GCF_964063315.1    8.15%    passed     97.59%
 192  GCF_965136965.1    7.07%    passed     98.55%
 193  GCF_965286035.1    9.24%    passed     84.55%
 194  GCF_965286295.1    7.07%    passed     87.02%
 195  GCF_965286585.1    8.70%    passed     87.77%
 196  GCF_982267005.1    8.15%    passed     96.28%
****  TOTAL              8.02%  0 sequences failed composition chi2 test (p-value<5%; df=19)
NOTE: GCF_000014545.1 is identical to GCF_000009425.1 but kept for subsequent analysis
NOTE: GCF_047344935.1 is identical to GCF_000014445.1 but kept for subsequent analysis
NOTE: GCF_009913995.1 is identical to GCF_000014505.1 but kept for subsequent analysis
NOTE: GCF_014145615.1 is identical to GCF_000016825.1 but kept for subsequent analysis
NOTE: GCF_000148815.2 is identical to GCF_000023085.1 but kept for subsequent analysis
NOTE: GCF_007954785.1 is identical to GCF_000026405.1 but kept for subsequent analysis
NOTE: GCF_001436905.1 is identical to GCF_000237995.1 but kept for subsequent analysis
NOTE: GCF_001752505.1 is identical to GCF_000241055.1 but kept for subsequent analysis
NOTE: GCF_000269945.1 is identical to GCF_000269925.1 but kept for subsequent analysis
NOTE: GCF_900016205.1 is identical to GCF_001536305.1 but kept for subsequent analysis
NOTE: GCF_003264795.1 is identical to GCF_001618285.1 but kept for subsequent analysis
NOTE: GCF_002174215.1 is identical to GCF_001767275.1 but kept for subsequent analysis
NOTE: GCF_058111805.1 is identical to GCF_001891125.1 but kept for subsequent analysis
NOTE: GCF_007954605.1 is identical to GCF_001998805.1 but kept for subsequent analysis
NOTE: GCF_026222675.1 is identical to GCF_003641185.1 but kept for subsequent analysis
NOTE: GCF_965136965.1 is identical to GCF_005405405.1 but kept for subsequent analysis
NOTE: GCF_020844005.1 is identical to GCF_009856565.1 but kept for subsequent analysis
NOTE: GCF_965286035.1 is identical to GCF_016127255.1 but kept for subsequent analysis
NOTE: GCF_054785075.1 is identical to GCF_025490915.1 but kept for subsequent analysis
NOTE: GCF_030770295.1 is identical to GCF_030770265.1 but kept for subsequent analysis
NOTE: GCF_036246185.1 is identical to GCF_036246165.1 but kept for subsequent analysis
NOTE: GCF_039645575.1 is identical to GCF_037892375.1 but kept for subsequent analysis
NOTE: GCF_056676095.1 is identical to GCF_039955095.1 but kept for subsequent analysis
NOTE: GCF_045760565.1 is identical to GCF_041225605.1 but kept for subsequent analysis
Checking for duplicate sequences: done in 0.0396261 secs using 106.4% CPU
Identifying sites to remove: done in 0.000222921 secs using 178.1% CPU
NOTE: 64 identical sequences (see below) will be ignored for subsequent analysis
NOTE: GCF_000025045.1 (identical to GCF_000009425.1) is ignored but added at the end
NOTE: GCF_000468955.1 (identical to GCF_000009425.1) is ignored but added at the end
NOTE: GCF_003176835.1 (identical to GCF_000009425.1) is ignored but added at the end
NOTE: GCF_003722275.1 (identical to GCF_000009425.1) is ignored but added at the end
NOTE: GCF_023169905.1 (identical to GCF_000009425.1) is ignored but added at the end
NOTE: GCF_035985965.1 (identical to GCF_000009425.1) is ignored but added at the end
NOTE: GCF_055180435.1 (identical to GCF_000009425.1) is ignored but added at the end
NOTE: GCF_060305805.1 (identical to GCF_000009425.1) is ignored but added at the end
NOTE: GCF_060307215.1 (identical to GCF_000009425.1) is ignored but added at the end
NOTE: GCF_009914015.1 (identical to GCF_000014505.1) is ignored but added at the end
NOTE: GCF_009914035.1 (identical to GCF_000014505.1) is ignored but added at the end
NOTE: GCF_021378055.1 (identical to GCF_000014505.1) is ignored but added at the end
NOTE: GCF_055755075.1 (identical to GCF_000014505.1) is ignored but added at the end
NOTE: GCF_020784695.1 (identical to GCF_000016825.1) is ignored but added at the end
NOTE: GCF_033570435.1 (identical to GCF_000016825.1) is ignored but added at the end
NOTE: GCF_000203855.3 (identical to GCF_000023085.1) is ignored but added at the end
NOTE: GCF_009913655.1 (identical to GCF_000023085.1) is ignored but added at the end
NOTE: GCF_014131735.1 (identical to GCF_000023085.1) is ignored but added at the end
NOTE: GCF_037290055.1 (identical to GCF_000023085.1) is ignored but added at the end
NOTE: GCF_965286295.1 (identical to GCF_000023085.1) is ignored but added at the end
NOTE: GCF_001702215.1 (identical to GCF_000237995.1) is ignored but added at the end
NOTE: GCF_001702235.1 (identical to GCF_000237995.1) is ignored but added at the end
NOTE: GCF_001752515.1 (identical to GCF_000241055.1) is ignored but added at the end
NOTE: GCF_001752545.1 (identical to GCF_000241055.1) is ignored but added at the end
NOTE: GCF_023499275.1 (identical to GCF_000269925.1) is ignored but added at the end
NOTE: GCF_037891785.1 (identical to GCF_000269925.1) is ignored but added at the end
NOTE: GCF_039645515.1 (identical to GCF_000269925.1) is ignored but added at the end
NOTE: GCF_004377635.1 (identical to GCF_001618285.1) is ignored but added at the end
NOTE: GCF_013113695.1 (identical to GCF_001618285.1) is ignored but added at the end
NOTE: GCF_020510245.1 (identical to GCF_001618285.1) is ignored but added at the end
NOTE: GCF_023920145.1 (identical to GCF_001618285.1) is ignored but added at the end
NOTE: GCF_032762665.1 (identical to GCF_001618285.1) is ignored but added at the end
NOTE: GCF_033142085.1 (identical to GCF_001618285.1) is ignored but added at the end
NOTE: GCF_900519455.1 (identical to GCF_001618285.1) is ignored but added at the end
NOTE: GCF_900519475.1 (identical to GCF_001618285.1) is ignored but added at the end
NOTE: GCF_010092385.1 (identical to GCF_001767275.1) is ignored but added at the end
NOTE: GCF_016127815.1 (identical to GCF_001767275.1) is ignored but added at the end
NOTE: GCF_019448175.1 (identical to GCF_001767275.1) is ignored but added at the end
NOTE: GCF_028621815.1 (identical to GCF_001767275.1) is ignored but added at the end
NOTE: GCF_034703025.1 (identical to GCF_001767275.1) is ignored but added at the end
NOTE: GCF_059089415.1 (identical to GCF_001767275.1) is ignored but added at the end
NOTE: GCF_024334065.1 (identical to GCF_009856565.1) is ignored but added at the end
NOTE: GCF_025739325.1 (identical to GCF_009856565.1) is ignored but added at the end
NOTE: GCF_025948295.1 (identical to GCF_009856565.1) is ignored but added at the end
NOTE: GCF_029866985.1 (identical to GCF_009856565.1) is ignored but added at the end
NOTE: GCF_038049945.1 (identical to GCF_009856565.1) is ignored but added at the end
NOTE: GCF_039783225.1 (identical to GCF_009856565.1) is ignored but added at the end
NOTE: GCF_039783785.1 (identical to GCF_009856565.1) is ignored but added at the end
NOTE: GCF_041509385.1 (identical to GCF_009856565.1) is ignored but added at the end
NOTE: GCF_041514285.1 (identical to GCF_009856565.1) is ignored but added at the end
NOTE: GCF_041514295.1 (identical to GCF_009856565.1) is ignored but added at the end
NOTE: GCF_041893975.1 (identical to GCF_009856565.1) is ignored but added at the end
NOTE: GCF_052569745.1 (identical to GCF_009856565.1) is ignored but added at the end
NOTE: GCF_052570115.1 (identical to GCF_009856565.1) is ignored but added at the end
NOTE: GCF_052571685.1 (identical to GCF_009856565.1) is ignored but added at the end
NOTE: GCF_056269605.1 (identical to GCF_009856565.1) is ignored but added at the end
NOTE: GCF_057786735.1 (identical to GCF_009856565.1) is ignored but added at the end
NOTE: GCF_903885985.1 (identical to GCF_009856565.1) is ignored but added at the end
NOTE: GCF_903886345.1 (identical to GCF_009856565.1) is ignored but added at the end
NOTE: GCF_903886475.1 (identical to GCF_009856565.1) is ignored but added at the end
NOTE: GCF_903891025.1 (identical to GCF_009856565.1) is ignored but added at the end
NOTE: GCF_903891205.1 (identical to GCF_009856565.1) is ignored but added at the end
NOTE: GCF_030770335.1 (identical to GCF_030770265.1) is ignored but added at the end
NOTE: GCF_963243495.1 (identical to GCF_036246165.1) is ignored but added at the end
Alignment was printed to pilot_output/trees/ATP-synt_B.uniqueseq.phy

For your convenience alignment with unique sequences printed to pilot_output/trees/ATP-synt_B.uniqueseq.phy


Create initial parsimony tree by phylogenetic likelihood library (PLL)... 0.023 seconds
Perform fast likelihood tree search using LG+I+G model...
Estimate model parameters (epsilon = 5.000)
Perform nearest neighbor interchange...
Estimate model parameters (epsilon = 1.000)
1. Initial log-likelihood: -10672.498
Optimal log-likelihood: -10672.409
Proportion of invariable sites: 0.062
Gamma shape alpha: 1.253
Parameters optimization took 1 rounds (0.229 sec)
Time for fast ML tree search: 1.340 seconds

NOTE: ModelFinder requires 40 MB RAM!
ModelFinder will test up to 1232 protein models (sample size: 184 epsilon: 0.100) ...
Akaike Information Criterion:           LG+F+R5
Corrected Akaike Information Criterion: LG
Bayesian Information Criterion:         LG+F+R4
Best-fit model: LG+F+R4 chosen according to BIC

All model information printed to pilot_output/trees/ATP-synt_B.model.gz
CPU time for ModelFinder: 885.681 seconds (0h:14m:45s)
Wall-clock time for ModelFinder: 444.565 seconds (0h:7m:24s)
Generating 1000 samples for ultrafast bootstrap (seed: 291172)...

NOTE: 16 MB RAM (0 GB) is required!
Estimate model parameters (epsilon = 0.100)
1. Initial log-likelihood: -10535.071
2. Current log-likelihood: -10532.142
Optimal log-likelihood: -10532.067
Site proportion and rates:  (0.190,0.073) (0.265,0.485) (0.428,1.261) (0.117,2.728)
Parameters optimization took 2 rounds (1.025 sec)
Wrote distance file to... 
Computing ML distances based on estimated model parameters...
Calculating distance matrix: done in 0.96159 secs using 199.6% CPU
Computing ML distances took 0.965520 sec (of wall-clock time) 1.921364 sec (of CPU time)
Setting up auxiliary I and S matrices: done in 0.000316143 secs using 291% CPU
Constructing RapidNJ tree: done in 0.00186896 secs using 198.1% CPU
Computing RapidNJ tree took 0.010247 sec (of wall-clock time) 0.013276 sec (of CPU time)
Log-likelihood of RapidNJ tree: -10608.191
--------------------------------------------------------------------
|             INITIALIZING CANDIDATE TREE SET                      |
--------------------------------------------------------------------
Generating 98 parsimony trees... 2.685 second
Computing log-likelihood of 98 initial trees ... 8.511 seconds
Current best score: -10532.067

Do NNI search on 20 best initial trees
Estimate model parameters (epsilon = 0.100)
BETTER TREE FOUND at iteration 1: -10527.557
Estimate model parameters (epsilon = 0.100)
BETTER TREE FOUND at iteration 2: -10526.062
Iteration 10 / LogL: -10528.162 / Time: 0h:7m:59s
Iteration 20 / LogL: -10527.582 / Time: 0h:8m:19s
Finish initializing candidate tree set (14)
Current best tree score: -10526.062 / CPU time: 52.430
Number of iterations: 20
--------------------------------------------------------------------
|               OPTIMIZING CANDIDATE TREE SET                      |
--------------------------------------------------------------------
Estimate model parameters (epsilon = 0.100)
BETTER TREE FOUND at iteration 24: -10525.994
Estimate model parameters (epsilon = 0.100)
BETTER TREE FOUND at iteration 26: -10525.618
Iteration 30 / LogL: -10527.589 / Time: 0h:8m:47s (0h:4m:35s left)
Estimate model parameters (epsilon = 0.100)
BETTER TREE FOUND at iteration 34: -10525.497
Iteration 40 / LogL: -10527.419 / Time: 0h:9m:13s (0h:4m:23s left)
Iteration 50 / LogL: -10527.737 / Time: 0h:9m:30s (0h:3m:35s left)
Log-likelihood cutoff on original alignment: -10568.793
Iteration 60 / LogL: -10534.167 / Time: 0h:9m:44s (0h:2m:55s left)
Iteration 70 / LogL: -10529.362 / Time: 0h:10m:0s (0h:2m:24s left)
Iteration 80 / LogL: -10549.872 / Time: 0h:10m:15s (0h:1m:56s left)
Iteration 90 / LogL: -10688.997 / Time: 0h:10m:30s (0h:1m:31s left)
Iteration 100 / LogL: -10526.460 / Time: 0h:10m:45s (0h:1m:8s left)
Log-likelihood cutoff on original alignment: -10565.838
NOTE: Bootstrap correlation coefficient of split occurrence frequencies: 0.999
Iteration 110 / LogL: -10525.501 / Time: 0h:11m:0s (0h:2m:58s left)
Iteration 120 / LogL: -10529.797 / Time: 0h:11m:14s (0h:2m:34s left)
Iteration 130 / LogL: -10538.516 / Time: 0h:11m:33s (0h:2m:15s left)
TREE SEARCH COMPLETED AFTER 135 ITERATIONS / Time: 0h:11m:41s

--------------------------------------------------------------------
|                    FINALIZING TREE SEARCH                        |
--------------------------------------------------------------------
Performs final model parameters optimization
Estimate model parameters (epsilon = 0.010)
1. Initial log-likelihood: -10525.497
Optimal log-likelihood: -10525.496
Site proportion and rates:  (0.193,0.074) (0.279,0.506) (0.417,1.286) (0.111,2.782)
Parameters optimization took 1 rounds (0.388 sec)
BEST SCORE FOUND : -10525.496
Creating bootstrap support values...
Split supports printed to NEXUS file pilot_output/trees/ATP-synt_B.splits.nex
Total tree length: 16.934

Total number of iterations: 135
CPU time used for tree search: 503.839 sec (0h:8m:23s)
Wall-clock time used for tree search: 254.249 sec (0h:4m:14s)
Total CPU time used: 1396.102 sec (0h:23m:16s)
Total wall-clock time used: 702.901 sec (0h:11m:42s)

Computing bootstrap consensus tree...
Reading input file pilot_output/trees/ATP-synt_B.splits.nex...
132 taxa and 584 splits.
Consensus tree written to pilot_output/trees/ATP-synt_B.contree
Reading input trees file pilot_output/trees/ATP-synt_B.contree
Log-likelihood of consensus tree: -10525.508

Analysis results written to: 
  IQ-TREE report:                pilot_output/trees/ATP-synt_B.iqtree
  Maximum-likelihood tree:       pilot_output/trees/ATP-synt_B.treefile
  Likelihood distances:          pilot_output/trees/ATP-synt_B.mldist

Ultrafast bootstrap approximation results written to:
  Split support values:          pilot_output/trees/ATP-synt_B.splits.nex
  Consensus tree:                pilot_output/trees/ATP-synt_B.contree
  Screen log file:               pilot_output/trees/ATP-synt_B.log

Date and Time: Sat Oct 10 11:36:32 2026
